Generated GITHUB_RUN_ID: 23107906
Hookbin receive URL: https://open-hookbin.vercel.app/23107906
Hookbin read URL: https://open-hookbin.vercel.app/api/23107906
time="2026-05-26T02:39:45Z" level=info msg="Using docker host 'unix:///var/run/docker.sock', and daemon socket 'unix:///var/run/docker.sock'"
ERROR: No hookbin call recorded at https://open-hookbin.vercel.app/api/23107906. Exploit did NOT work for job e2e ❌ Please adjust the exploit and try again.
